using Test;
using Test.Namespace;

public class Class1 {
}
public class Class2 {
}
