public class BasicClass {
    public void Method1() {
    }
    public void Method2() {
    }
}
